
[1m[30m[46m RUN [49m[39m[22m [36mv4.1.8 [39m[90mC:/Users/mstancik/Desktop/sportwell-interna-aplikacia[39m

 [31mÔŁ»[39m src/test/critical.test.tsx [2m([22m[2m5 tests[22m[2m | [22m[31m2 failed[39m[2m)[22m[33m 309[2mms[22m[39m
     [32mÔťô[39m identifies late cancellations (under 24 hours)[32m 2[2mms[22m[39m
[31m     [31m├Ś[31m correctly maps client profile metadata into jsPDF instructions[39m[32m 22[2mms[22m[39m
     [32mÔťô[39m renders inputs and propagates state changes[32m 160[2mms[22m[39m
[31m     [31m├Ś[31m handles client selection and prescription flow[39m[32m 19[2mms[22m[39m
     [32mÔťô[39m validates mandatory steps and triggers submission on final stage[32m 103[2mms[22m[39m

[2m Test Files [22m [1m[31m1 failed[39m[22m[90m (1)[39m
[2m      Tests [22m [1m[31m2 failed[39m[22m[2m | [22m[1m[32m3 passed[39m[22m[90m (5)[39m
[2m   Start at [22m 15:16:49
[2m   Duration [22m 2.19s[2m (transform 138ms, setup 160ms, import 299ms, tests 309ms, environment 1.18s)[22m

